[1;38;2;255;255;255;48;2;85;85;85m                                            -- ViSiON/3 User Editor v1.0 --                                             [0m
[38;2;170;170;170;48;2;0;0;0m                                                                                                                        [0m
[38;2;170;170;170;48;2;0;0;0m                                                                                                                        [0m
[38;2;170;170;170;48;2;0;0;0m                                                                                                                        [0m
[38;2;170;170;170;48;2;0;0;0m                                                                                                                        [0m
[38;2;170;170;170;48;2;0;0;0m                                                                                                                        [0m
[38;2;170;170;170;48;2;0;0;0m                                                                                                                        [0m
[38;2;170;170;170;48;2;0;0;0m                                                                                                                        [0m
[38;2;170;170;170;48;2;0;0;0m                                                                                                                        [0m
[38;2;170;170;170;48;2;0;0;0m                                                                                                                        [0m
[38;2;170;170;170;48;2;0;0;0m                                                                                                                        [0m
[38;2;170;170;170;48;2;0;0;0m                                                                                                                        [0m
[38;2;170;170;170;48;2;0;0;0m                             [0m[38;2;85;85;255;48;2;0;0;170m╒════════════════════════════════════════════════════════════╕[0m[38;2;170;170;170;48;2;0;0;0m                             [0m
[38;2;170;170;170;48;2;0;0;0m                             [0m[38;2;85;85;255;48;2;0;0;170m│[0m[38;2;255;255;85;48;2;0;0;170m         -- Press Enter to Edit Highlighted User --         [0m[38;2;85;85;255;48;2;0;0;170m│[0m[38;2;170;170;170;48;2;0;0;0m                             [0m
[38;2;170;170;170;48;2;0;0;0m                             [0m[38;2;85;85;255;48;2;0;0;170m│[0m[38;2;255;255;255;48;2;0;0;170m                                                            [0m[38;2;85;85;255;48;2;0;0;170m│[0m[38;2;170;170;170;48;2;0;0;0m                             [0m
[38;2;170;170;170;48;2;0;0;0m                             [0m[38;2;85;85;255;48;2;0;0;170m│[0m[38;2;255;255;255;48;2;85;85;255m #   Handle                        Level   Calls            [0m[38;2;85;85;255;48;2;0;0;170m│[0m[38;2;170;170;170;48;2;0;0;0m                             [0m
[38;2;170;170;170;48;2;0;0;0m                             [0m[38;2;85;85;255;48;2;0;0;170m│[0m[38;2;255;255;255;48;2;0;0;170m                                                            [0m[38;2;85;85;255;48;2;0;0;170m│[0m[38;2;170;170;170;48;2;0;0;0m                             [0m
[38;2;170;170;170;48;2;0;0;0m                             [0m[38;2;85;85;255;48;2;0;0;170m│[0m[38;2;85;85;255;48;2;0;0;0m [0m[38;2;255;255;85;48;2;0;0;0m  1 Alice                         100     0                [0m[38;2;85;85;255;48;2;0;0;170m│[0m[38;2;170;170;170;48;2;0;0;0m                             [0m
[38;2;170;170;170;48;2;0;0;0m                             [0m[38;2;85;85;255;48;2;0;0;170m│[0m[38;2;255;255;255;48;2;0;0;170m   2 Bob                           20      0                [0m[38;2;85;85;255;48;2;0;0;170m│[0m[38;2;170;170;170;48;2;0;0;0m                             [0m
[38;2;170;170;170;48;2;0;0;0m                             [0m[38;2;85;85;255;48;2;0;0;170m│[0m[38;2;255;255;255;48;2;0;0;170m   3 Carol                         10      0                [0m[38;2;85;85;255;48;2;0;0;170m│[0m[38;2;170;170;170;48;2;0;0;0m                             [0m
[38;2;170;170;170;48;2;0;0;0m                             [0m[38;2;85;85;255;48;2;0;0;170m│[0m[38;2;255;255;255;48;2;0;0;170m                                                            [0m[38;2;85;85;255;48;2;0;0;170m│[0m[38;2;170;170;170;48;2;0;0;0m                             [0m
[38;2;170;170;170;48;2;0;0;0m                             [0m[38;2;85;85;255;48;2;0;0;170m│[0m[38;2;255;255;255;48;2;0;0;170m                                                            [0m[38;2;85;85;255;48;2;0;0;170m│[0m[38;2;170;170;170;48;2;0;0;0m                             [0m
[38;2;170;170;170;48;2;0;0;0m                             [0m[38;2;85;85;255;48;2;0;0;170m│[0m[38;2;255;255;255;48;2;0;0;170m                                                            [0m[38;2;85;85;255;48;2;0;0;170m│[0m[38;2;170;170;170;48;2;0;0;0m                             [0m
[38;2;170;170;170;48;2;0;0;0m                             [0m[38;2;85;85;255;48;2;0;0;170m│[0m[38;2;255;255;255;48;2;0;0;170m                                                            [0m[38;2;85;85;255;48;2;0;0;170m│[0m[38;2;170;170;170;48;2;0;0;0m                             [0m
[38;2;170;170;170;48;2;0;0;0m                             [0m[38;2;85;85;255;48;2;0;0;170m│[0m[38;2;255;255;255;48;2;0;0;170m                                                            [0m[38;2;85;85;255;48;2;0;0;170m│[0m[38;2;170;170;170;48;2;0;0;0m                             [0m
[38;2;170;170;170;48;2;0;0;0m                             [0m[38;2;85;85;255;48;2;0;0;170m│[0m[38;2;255;255;255;48;2;0;0;170m                                                            [0m[38;2;85;85;255;48;2;0;0;170m│[0m[38;2;170;170;170;48;2;0;0;0m                             [0m
[38;2;170;170;170;48;2;0;0;0m                             [0m[38;2;85;85;255;48;2;0;0;170m│[0m[38;2;255;255;255;48;2;0;0;170m                                                            [0m[38;2;85;85;255;48;2;0;0;170m│[0m[38;2;170;170;170;48;2;0;0;0m                             [0m
[38;2;170;170;170;48;2;0;0;0m                             [0m[38;2;85;85;255;48;2;0;0;170m│[0m[38;2;255;255;255;48;2;0;0;170m                                                            [0m[38;2;85;85;255;48;2;0;0;170m│[0m[38;2;170;170;170;48;2;0;0;0m                             [0m
[38;2;170;170;170;48;2;0;0;0m                             [0m[38;2;85;85;255;48;2;0;0;170m│[0m[38;2;255;255;255;48;2;0;0;170m                                                            [0m[38;2;85;85;255;48;2;0;0;170m│[0m[38;2;170;170;170;48;2;0;0;0m                             [0m
[38;2;170;170;170;48;2;0;0;0m                             [0m[38;2;85;85;255;48;2;0;0;170m│[0m[38;2;255;255;255;48;2;0;0;170m                                                            [0m[38;2;85;85;255;48;2;0;0;170m│[0m[38;2;170;170;170;48;2;0;0;0m                             [0m
[38;2;170;170;170;48;2;0;0;0m                             [0m[38;2;85;85;255;48;2;0;0;170m╘════════════════════════════════════════════════════════════╛[0m[38;2;170;170;170;48;2;0;0;0m                             [0m
[38;2;170;170;170;48;2;0;0;0m                             [0m[38;2;255;255;85m Search: [0m> car[7m [0m                      [38;2;255;255;85m                         [0m[38;2;170;170;170;48;2;0;0;0m                             [0m
[38;2;170;170;170;48;2;0;0;0m                                                [0m[38;2;170;0;0;48;2;0;0;0m·[0m[38;2;170;170;170;48;2;0;0;0m                                                                       [0m
[38;2;170;170;170;48;2;0;0;0m                                                                                                                        [0m
[38;2;170;170;170;48;2;0;0;0m                                                                                                                        [0m
[38;2;170;170;170;48;2;0;0;0m                                                                                                                        [0m
[38;2;170;170;170;48;2;0;0;0m                                                                                                                        [0m
[38;2;170;170;170;48;2;0;0;0m                                                                                                                        [0m
[38;2;170;170;170;48;2;0;0;0m                                                                                                                        [0m
[38;2;170;170;170;48;2;0;0;0m                                                                                                                        [0m
[38;2;170;170;170;48;2;0;0;0m                                                                                                                        [0m
[38;2;170;170;170;48;2;0;0;0m                                                                                                                        [0m
[38;2;170;170;170;48;2;0;0;0m                                                                                                                        [0m
[38;2;170;170;170;48;2;0;0;0m                                                                                                                        [0m
[1;38;2;255;255;255;48;2;85;85;85m                                          Press Alt-H for Pop-Up Help Screen.                                           [0m