[1;30mВВВВВВлллллллллммллллллллллллпппппплпппппплпппппппллллллВВВВВлллм мллллллВВВВВВ
лллллллллллллллллллллллллллл [37mллппл[47mВ[40m ллппл[47mВ[40m ллллл[47mВ[40m [30mллллллллллллллллллллллллллллл
ллллллпмлллллллллллллллллллл [37mлллллм лллллм лммммм [30mллллллллллллллллллллллллллллл
Вллллллллллллллллллллллллллл [37;47mпл[40mммлл [47mпл[40mммлл [0mм[1mмммлл [30mллллллллллллллллллллллллллллл
лллллллллллллллллллллллллллллммммммлммммммлммммммлллл[47mВВВллллллллллллллллл[46mВВлллл
лллллллллллллллллллллллллл[47m [37mThe [36mB[37mroken [36mB[37mit [36mS[37myndicate [30mллллллллллллллллллллллллллл[40m
 ллллллллллллппппппппппппппппппппппппппппппппппппппппппппппппппппппллллмллллллл
лллллллллллл В[52Cл ллллллллллл
лллллллллллл л[15Cў [0;35mFAST LOGIN! [1mv1[0;35m.[1m0 [30mў[17Cл Влллллллллл
лллллллллллВ л[52Cл ллллллплллл
лллллллллллл л[11C[37mмммммммммммммммммммммммммммм[13C[30mл ллллллллллл
лллллллллллл л[11C[37mВБА[47m      [0;30;47mSelections      [1;37;40mАБВ[13C[30mл ллллллллллл
лллллллллллл л[11Cпппппппппппппппппппппппппппп[13Cл лллл[46mВВВлллл
лВВллллллллл[40m л[13CГ [35m1[0;35m. [1mNormal Login[6C[30mГ[15Cл ллллллллллл
ллллВВВВлллл л[13CГ [35m2[0;35m. [1mMain Menu[9C[30mГ[15Cл ллллллллллл
лллллллллллл л[13CГ [35m3[0;35m. [1mTransfer Menu[5C[30mГ[15Cл ллллллллллл
пллллллллллл л[13CГ [35m4[0;35m. [1mMessage Menu[6C[30mГ[15Cл ллллллллллл
ллллллл[46mВВВлл[40m л[11C[37mмммммммммммммммммммммммммммм[13C[30mл ллллллллллл
лллллллллллл л[11C[37mВБА[47m                     [0;47mл[1;40mАБВ[13C[30mл ллллллллллл
Вллллллллллл л[11Cпппппппппппппппппппппппппппп[13Cл ллллллллллл
лллллллллллл л[52Cл ллллллллллл[46m
лллллллллллл[40mмппппппппппппппппппппппппппппппппппппппппппппппппппппппмллллллллллл
ллл[46mВВВллллллллллллллллллллллллллллллллллллллллллллллллллллллллллллллллллллллллл
ллллллллллллл[40mмпмлллллллллллллллллллллллллллллллллллллллппмплллллллллллллллллллВ