|CL

|05 --------------------------------------------------------------------------
|13 InfoForms
|05 --------------------------------------------------------------------------

|15  [|07I|08] |07InfoForms Menu |08(List/Fill/View)
|15  [|07V|08] |07View Completed Form
|15  [|07Q|08] |07Quit to Main

|08  SysOp: |15[|07H|08] |07Hunt Forms  |15[|07*|08] |07Nuke User Forms

|05 --------------------------------------------------------------------------
