[1;35m€ﬂﬂﬂ‹‹ﬂﬂﬂﬂﬂﬂﬂﬂﬂﬂﬂ‹ﬂﬂﬂﬂ‹______ ____ _ _ .                             [30m[[0mV[1mi[0mS[1mi[0mON[1m/[0m3[1;30m][35m€ [36m€ ‹ ‹ﬂ‹ €ﬂ‹ €ﬂ ‹ €ﬂ‹  
[35m‹ [36m€‹ﬂ € € € € €‹ ‹ €‹‹   [33mUser[0;33m: |15|UH
  [36m€ € ﬂ‹ﬂ € € €  € €‹€  [1;33mLevel[0;33m: |15|LEVEL
[35m€‹‹‹‹‹‹‹‹‹‹‹‹‹‹‹‹‹‹‹‹‹‹‹__________________ __  _   _ .