
[35Cо[1mлл[47mн
[40m[35C[0mл[1;30;47mмм[0;47mл[40mн
[35Cл[47m  л[40mн
[35Cл[47m  л[40mн
[35Cл[1;30;47mмм[0;47mл[40mн
[35Cллллн
[30Cмллм ллллн ммм
[30Cлллл ллллнллллл
[26Cмллнллллолллллллллл
[25Cоллллллллллллллллллллм ммлллллм
[26Cллллллллллллллллллллллллллпп[1mпп
[26C[0mллллллллллллллллллллллллп
[26Cоллллллллллллллллллллп
[27Cллллллллллллллллллп
[28Cплллллллллллллллп
[30Cлллллллллллллн
[30Cолллллллллллл
[34mФ[1mФФФФФФФФФФФФФФФФФФФФФФФФФФФФФФФФФФФФФФФФФФФФФФФФФФФФФФФФФФФФФФФФФФФФФФФФФФФФФ[0;34mФ[22C[1;37mTry the CORRECT password next time.
[0;34mФ[1mФФФФФФФФФФФФФФФФФФФФФФФФФФФФФФФФФФФФФФФФФФФФФФФФФФФФФФФФФФФФФФФФФФФФФФФФФФФФФ[0;34mФ