[2J[H[0;36m  ษออออออออออออออออออออออออออออออออออออออออออออออออออออออออออออออป
  บ                                                              บ
  [0;36mบ [1;37mONE LAST STEP[0;36m                                                [0;36mบ
  [0;36mบ                                                              [0;36mบ
  [0;36mบ [0;37mPlease leave the SysOp a short private message.[0;36m              [0;36mบ
  [0;36mบ [0;37mTell them who you are, where you heard about us,[0;36m             [0;36mบ
  [0;36mบ [0;37mand why you would like access to the board.[0;36m                  [0;36mบ
  [0;36mบ                                                              [0;36mบ
  [0;36mบ [1;33mYour account may not be validated without it.[0;36m                [0;36mบ
  บ                                                              บ
  ศออออออออออออออออออออออออออออออออออออออออออออออออออออออออออออออผ[0m
