[14C[31mмм[14C[30mл[31mмлм   [30mллллллл[5Cл  л    [31mммм
[13Cпл[1;37;41mп[0;31;41mл[40mм[9C[30mллллл[31mпм  мплм  мм[30mл  ллл  л [31mмппп[41m [1;37mп[0;31mп
[19Cп[7Cмм[30mл лллл[31mп мм мппп мл[1;37;41mмм[0;31mм[30mл
[14C[31mммм   мллп    ппм  млл[41m [1;37mм[0;31mм  ммлллллл  мллп    лмм[41m [1;37mм[0;31mм
[13Cппп[10Cм  [30mлл[31mмллллл[41m [1;37mп[0;31;41mллллллллл[40mмлл[6Cмлллл[1;37;41mп[0;31mп
[18Cмлн п  млллмлмлллллллллллллллллл[1;37;41mпмм[0;31mмм  мп[7Cм[41m [1;37mм[0;31mм
[11Cмлп    пл  м  мллллллллллллллллллллллллллл[1;37;41mп[0;31;41mл[40mп  м    мпплл[41m [1;37mп[0;31mн
[11Cлп[7Cмллмллллллллллллллллллллллллллллллл[1;37;41mм[0;31;41mл[40mм[9Cплп
[20Cмлллллллллллллллллллллллллллллллллллл   м[1;37;41mм[0;31mм    м
[12Cммп   мн пмллллллллллллллллллллллллллллллллл[1;37;41mпм[0;31mмллп
[1;30mФФФФФФФФФФФФФФФФФФФФФФФФФФФФФФФФФФФФФФФФФФФФФФФФФФФФФФФФФФФФФФФФФФФФФФФФФФФФФФФ
 
[11CNo, this big red blotch of blood means nothing.
 
[11CAnyhow, you left and so the BBS hung up on ya.. later !!!