|08‹‹‹‹‹‹‹‹‹‹‹|01‹‹‹‹‹‹‹‹‹‹‹|09‹‹‹‹‹‹‹‹‹‹‹|11‹‹‹‹‹‹‹‹‹‹‹|09‹‹‹‹‹‹‹‹‹‹‹|01‹‹‹‹‹‹‹‹‹‹‹|08‹‹‹‹‹‹‹‹‹‹‹‹‹|07|B0
 |09∞±≤€|15|B1 USER KONFIG |09|B0€≤±∞                                             |01∞±≤ |09ViSiON|01/|113|07|B0
|08ﬂﬂﬂﬂﬂﬂﬂﬂﬂﬂﬂ|01ﬂﬂﬂﬂﬂﬂﬂﬂﬂﬂﬂ|09ﬂﬂﬂﬂﬂﬂﬂﬂﬂﬂﬂ|11ﬂﬂﬂﬂﬂﬂﬂﬂﬂﬂﬂ|09ﬂﬂﬂﬂﬂﬂﬂﬂﬂﬂﬂ|01ﬂﬂﬂﬂﬂﬂﬂﬂﬂﬂﬂ|08ﬂﬂﬂﬂﬂﬂﬂﬂﬂﬂﬂﬂﬂ|07|B0
|08 Settings save the moment you change them.  |07Esc|08 backs out of any edit.|07|B0
