[35mSub-Board : [1m@B<25@[39G[0;35mSubject : [1m@T<31@
[0;35mDate/Time : [1m@D<8@ at @W<8@[39G[0;35mTo [1m.... [0;35m: [1m@S<31@
[0;35mSender [1m.. [0;35m: [1m@F<25@[39G[0;35mNote [1m.. [0;35m: [1m@U<31@
[30mÄÄÄÄÄÄÄÄÄÄÄÄÄÄÄÄÄÄÄÄÄÄÄÄÄÄÄÄÄÄÄÄÄÄÄÄÄÄÄÄÄÄÄÄÄÄÄÄÄÄÄÄÄÄÄÄÄÄÄÄÄÄÄÄÄÄÄÄÄÄÄÄÄÄÄÄÄÄÄ