[1;31m[[36mFrom[30m.......[31m][0;34m: [1;37m@F<30@[47G[31m[[36mTime/Date[31m][0;34m: [1;37m@D<8@ at @W<8@
[31m[[36mTitle[30m......[31m][0;34m: [1;37m@T<30@[47G[31m[[36mMsg[30m.......[31m][0;34m:[1;37m@#<7@ of @N<7@
[31m[[36mSent To[30m....[31m][0;34m: [1;37m@S<30@[47G[31m[[36mTotal Msg[31m][0;34m: [1;37m@N<7@
[30mÄÄÄÄÄÄÄÄÄÄÄÄÄÄÄÄÄÄÄÄÄÄÄÄÄÄÄÄÄÄÄÄÄÄÄÄÄÄÄÄÄÄÄÄÄÄÄÄÄÄÄÄÄÄÄÄÄÄÄÄÄÄÄÄÄÄÄÄÄÄÄÄÄÄÄÄÄÄÄ