[1;31m[[36mFrom[30m.......[31m][0;34m: [1;37m@F@[30C[31m[[36mTime/Date[31m][0;34m: [1;37m@D@ at @W@
[31m[[36mTitle[30m......[31m][0;34m: [1;37m@T@[30C[31m[[36mMsg[30m.......[31m][0;34m:[1;37m@#@ of @N@
[31m[[36mSent To[30m....[31m][0;34m: [1;37m@S@[30C[31m[[36mTotal Msg[31m][0;34m: [1;37m@N@
[30mÄÄÄÄÄÄÄÄÄÄÄÄÄÄÄÄÄÄÄÄÄÄÄÄÄÄÄÄÄÄÄÄÄÄÄÄÄÄÄÄÄÄÄÄÄÄÄÄÄÄÄÄÄÄÄÄÄÄÄÄÄÄÄÄÄÄÄÄÄÄÄÄÄÄÄÄÄÄÄ