[1mArea[5C[0m: [1;34m@X#################################################################@[37m
Subject  [0m: [1;35m@T#################################@ [37mPosted[0m: [1;35m@D@ [37mat [35m@W@
[37mFrom[5C[0m: [1;35m@F#################################@ [37mTo    [0m: [1;35m@S####################@[0m
|{[1mUser Note[0m: [1;35m@U#################################@|} [37mStatus[0m: [1;35m@M################@[30m
ДДДДДДДДДДДДДДДДДДДДДДДДДДДДДДДДДДДДДДДДДДДДДДДДДДДДДДДДДДДДДДДДДДДДДДДДДДДДДДД