[1mÚÄÄÄ[34mÄÄÄÄÄÄÄÄÄÄÄÄÄÄÄÄÄ[0;34mÄÄÄÄÄ ÄÄ Ä ù  ù   ù[5Cù[5Cú[6Cú[10C[1;30mú  ú Ä ÄÄ¿[37m
³[34mTo: [37m@S##########################@ [34m[[37mReply #@P####@[34m] Date: [37m@D#####@ at @W#####@[0m³
³[1;34mFrom: [37m@F########################@ [34m[[37m@U###########@[34m] Message #[37m@C##############@[0m³
³[1;34mTitle: [37m@T#######################################@  [34mArea: [37m@Z#################@[0m³[1;30m
ÀÄÄÄ Ä ù  ú[10C[0;34mú[6Cú[5Cù[5Cù   ù  ù Ä ÄÄ ÄÄÄÄÄÄÄÄÄ[1mÄÄÄÄÄÄÄÄÄÄÄÄÄ[37mÄÄÙ