[1;34mÚÄÄ Scanning [31m@Z<62@ [34m@G:79@[34m¿
³ Reading message #[37m@#<10@[34m.[60G[37m@D<8@ [34m([37m@W<8@[34m)[79G³
³ "[37m@T<74@[34m"[79G³
³ Posted by [37m@F<28@ |{[34m"[37m@U<16@[34m"|} (who is level [37m@L<3@[34m)[79G³
³ Posted to [37m@S<66@[34m[79G³
ÀÄÄÄÄÄÄÄÄÄÄÄÄÄÄÄÄÄÄÄÄÄÄÄÄÄÄÄÄÄÄÄÄÄÄÄÄÄÄÄÄÄÄÄÄÄÄÄÄÄÄÄÄÄÄÄÄÄÄÄÄÄÄÄÄÄÄÄÄÄÄÄÄÄÄÄÄÄÙ