[1;34mздд Scanning [31m@Z@ [34mддддддддддддддддддддддддддддддддддддддддддддддддддддддддддддд©
Ё Reading message #[37m@#@[34m.[36C[37m@D@ [34m([37m@W@[34m)[10CЁ
Ё "[37m@T@[34m"[71CЁ
Ё Posted by [37m@F@ |{[34m"[37m@U@[34m"|} (who is level [37m@L@[34m)[34CЁ
Ё Posted to [37m@S@[63C[34mЁ
юддддддддддддддддддддддддддддддддддддддддддддддддддддддддддддддддддддддддддддды