                    -- ViSiON/3 Configuration Editor v1.0 --                    
░░░░┌──────────────────────────────────────────────────────────────────────┐░░░░
░░░░│                          Known FTN Networks                          │░░░░
░░░░│   Zone  Network       Description                                    │░░░░
░░░░│──────────────────────────────────────────────────────────────────────│░░░░
░░░░│     21  fsxNet        Fun, Simple, eXperimental Network              │░░░░
░░░░│      1  FidoNet       The original hobbyist network                  │░░░░
░░░░│                                                                      │░░░░
░░░░│                                                                      │░░░░
░░░░│                                                                      │░░░░
░░░░│                                                                      │░░░░
░░░░│                                                                      │░░░░
░░░░│                                                                      │░░░░
░░░░│                                                                      │░░░░
░░░░│                                                                      │░░░░
░░░░│                                                                      │░░░░
░░░░│                                                                      │░░░░
░░░░│──────────────────────────────────────────────────────────────────────│░░░░
░░░░│  fsxNet — Fun, Simple, eXperimental Network                          │░░░░
░░░░│  Coordinator: Paul Hayton <avon@bbs.nz>                              │░░░░
░░░░│  Hub: 21:1/100 at agency.bbs.nz:24556                                │░░░░
░░░░│  Info: https://fsxnet.nz                                             │░░░░
░░░░└──────────────────────────────────────────────────────────────────────┘░░░░
░░░░░░░░░░░░░░░░░░░░░░░░░░░░░░░░░░░░░░░░░░░░░░░░░░░░░░░░░░░░░░░░░░░░░░░░░░░░░░░░
              Enter - Select  |  C - Custom Network  |  ESC - Back              