                    -- ViSiON/3 Configuration Editor v1.0 --                    
░░░░░░░░░░░░░░░░░░░░░░░░░░░░░░░░░░░░░░░░░░░░░░░░░░░░░░░░░░░░░░░░░░░░░░░░░░░░░░░░
░░░░░░░░░░░░░░░░░░░░░░░░░░░░░░░░░░░░░░░░░░░░░░░░░░░░░░░░░░░░░░░░░░░░░░░░░░░░░░░░
░░░░┌──────────────────────────────────────────────────────────────────────┐░░░░
░░░░│                         Echo Areas — fsxNet                          │░░░░
░░░░│        Tag              Description                                  │░░░░
░░░░│──────────────────────────────────────────────────────────────────────│░░░░
░░░░│   [x] FSX_GEN          General chat                                  │░░░░
░░░░│   [ ] FSX_BBS          BBS discussion with a very long description t.│░░░░
░░░░│   [ ] FSX_MYS          Mystic BBS                                    │░░░░
░░░░│                                                                      │░░░░
░░░░│                                                                      │░░░░
░░░░│                                                                      │░░░░
░░░░│                                                                      │░░░░
░░░░│                                                                      │░░░░
░░░░│                                                                      │░░░░
░░░░│                                                                      │░░░░
░░░░│                                                                      │░░░░
░░░░│                                                                      │░░░░
░░░░└──────────────────────────────────────────────────────────────────────┘░░░░
░░░░░░░░░░░░░░░░░░░░░░░░░░░░░░░░░░░░░░░░░░░░░░░░░░░░░░░░░░░░░░░░░░░░░░░░░░░░░░░░
░░░░░░░░░░░░░░░░░░░░░░░░░░░░░░░░░░░░░░░░░░░░░░░░░░░░░░░░░░░░░░░░░░░░░░░░░░░░░░░░
░░░░                         1 of 3 areas selected                          ░░░░
░░░░░░░░░░░░░░░░░░░░░░░░░░░░░░░░░░░░░░░░░░░░░░░░░░░░░░░░░░░░░░░░░░░░░░░░░░░░░░░░
   Space - Toggle  |  A - All  |  N - None  |  Enter - Confirm  |  ESC - Back   