                    -- ViSiON/3 Configuration Editor v1.0 --                    
░░░░░░░░░░░░░░░░░░░░░░░░░░░░░░░░░░░░░░░░░░░░░░░░░░░░░░░░░░░░░░░░░░░░░░░░░░░░░░░░
░░░░░░░░░░░░░░░░░░░░░░░░░░░░░░░░░░░░░░░░░░░░░░░░░░░░░░░░░░░░░░░░░░░░░░░░░░░░░░░░
░░░░┌──────────────────────────────────────────────────────────────────────┐░░░░
░░░░│                         Echo Areas — fsxNet                          │░░░░
░░░░│                       Downloading echolist...                        │░░░░
░░░░│                                                                      │░░░░
░░░░│                                                                      │░░░░
░░░░│                                                                      │░░░░
░░░░│                                                                      │░░░░
░░░░│                                                                      │░░░░
░░░░│                                                                      │░░░░
░░░░│                                                                      │░░░░
░░░░│                                                                      │░░░░
░░░░│                                                                      │░░░░
░░░░│                                                                      │░░░░
░░░░│                                                                      │░░░░
░░░░│                                                                      │░░░░
░░░░│                                                                      │░░░░
░░░░└──────────────────────────────────────────────────────────────────────┘░░░░
░░░░░░░░░░░░░░░░░░░░░░░░░░░░░░░░░░░░░░░░░░░░░░░░░░░░░░░░░░░░░░░░░░░░░░░░░░░░░░░░
░░░░░░░░░░░░░░░░░░░░░░░░░░░░░░░░░░░░░░░░░░░░░░░░░░░░░░░░░░░░░░░░░░░░░░░░░░░░░░░░
░░░░░░░░░░░░░░░░░░░░░░░░░░░░░░░░░░░░░░░░░░░░░░░░░░░░░░░░░░░░░░░░░░░░░░░░░░░░░░░░
░░░░░░░░░░░░░░░░░░░░░░░░░░░░░░░░░░░░░░░░░░░░░░░░░░░░░░░░░░░░░░░░░░░░░░░░░░░░░░░░
                                  ESC - Cancel                                  