                    -- ViSiON/3 Configuration Editor v1.0 --                    
░░░░┌──────────────────────────────────────────────────────────────────────┐░░░░
░░░░│                          Known FTN Networks                          │░░░░
░░░░│   Zone  Network       Description                                    │░░░░
░░░░│──────────────────────────────────────────────────────────────────────│░░░░
░░░░│                                                                      │░░░░
░░░░│                                                                      │░░░░
░░░░│                                                                      │░░░░
░░░░│                                                                      │░░░░
░░░░│                                                                      │░░░░
░░░░│                                                                      │░░░░
░░░░│                                                                      │░░░░
░░░░│                                                                      │░░░░
░░░░│                                                                      │░░░░
░░░░│                                                                      │░░░░
░░░░│                                                                      │░░░░
░░░░│                                                                      │░░░░
░░░░│──────────────────────────────────────────────────────────────────────│░░░░
░░░░│                                                                      │░░░░
░░░░│                                                                      │░░░░
░░░░│                                                                      │░░░░
░░░░│                                                                      │░░░░
░░░░└──────────────────────────────────────────────────────────────────────┘░░░░
░░░░░░░░░░░░░░░░░░░░░░░░░░░░░░░░░░░░░░░░░░░░░░░░░░░░░░░░░░░░░░░░░░░░░░░░░░░░░░░░
              Enter - Select  |  C - Custom Network  |  ESC - Back              