                    -- ViSiON/3 Configuration Editor v1.0 --                    
░░░░░░░░░░░░░░░░░░░░░░░░░░░░░░░░░░░░░░░░░░░░░░░░░░░░░░░░░░░░░░░░░░░░░░░░░░░░░░░░
░░░░░░░░░░░░░░░░░░░░░░░░░░░░░░░░░░░░░░░░░░░░░░░░░░░░░░░░░░░░░░░░░░░░░░░░░░░░░░░░
░░░░░░░░░░░░░░░░░░░░░░░░░░░░░░░░░░░░░░░░░░░░░░░░░░░░░░░░░░░░░░░░░░░░░░░░░░░░░░░░
░░░░┌──────────────────────────────────────────────────────────────────────┐░░░░
░░░░│                           Network Registry                           │░░░░
░░░░│                         Fetching registry...                         │░░░░
░░░░│                                                                      │░░░░
░░░░│                                                                      │░░░░
░░░░│                                                                      │░░░░
░░░░│                                                                      │░░░░
░░░░│                                                                      │░░░░
░░░░│                                                                      │░░░░
░░░░│                                                                      │░░░░
░░░░│                                                                      │░░░░
░░░░│                                                                      │░░░░
░░░░│                                                                      │░░░░
░░░░│                                                                      │░░░░
░░░░└──────────────────────────────────────────────────────────────────────┘░░░░
░░░░░░░░░░░░░░░░░░░░░░░░░░░░░░░░░░░░░░░░░░░░░░░░░░░░░░░░░░░░░░░░░░░░░░░░░░░░░░░░
░░░░░░░░░░░░░░░░░░░░░░░░░░░░░░░░░░░░░░░░░░░░░░░░░░░░░░░░░░░░░░░░░░░░░░░░░░░░░░░░
░░░░░░░░░░░░░░░░░░░░░░░░░░░░░░░░░░░░░░░░░░░░░░░░░░░░░░░░░░░░░░░░░░░░░░░░░░░░░░░░
░░░░░░░░░░░░░░░░░░░░░░░░░░░░░░░░░░░░░░░░░░░░░░░░░░░░░░░░░░░░░░░░░░░░░░░░░░░░░░░░
░░░░░░░░░░░░░░░░░░░░░░░░░░░░░░░░░░░░░░░░░░░░░░░░░░░░░░░░░░░░░░░░░░░░░░░░░░░░░░░░
                                  ESC - Cancel                                  