                    -- ViSiON/3 Configuration Editor v1.0 --                    
░░░░░░░░░░░░░░░░░░░░░░░░░░░░░░░░░░░░░░░░░░░░░░░░░░░░░░░░░░░░░░░░░░░░░░░░░░░░░░░░
░░░░░░░░░░░░░░░░░░░░░░░░░░░░░░░░░░░░░░░░░░░░░░░░░░░░░░░░░░░░░░░░░░░░░░░░░░░░░░░░
░░░░░░░░░░░░░░░░░░░░░░░░░░░░░░░░░░░░░░░░░░░░░░░░░░░░░░░░░░░░░░░░░░░░░░░░░░░░░░░░
░░░░┌──────────────────────────────────────────────────────────────────────┐░░░░
░░░░│                        Area Browser — felnet                         │░░░░
░░░░│        Tag              Name             Status   Local Board        │░░░░
░░░░│──────────────────────────────────────────────────────────────────────│░░░░
░░░░│   [x] fel.general      General          ACTIVE   FelNet General      │░░░░
░░░░│   [x] fel.code         Coding           PENDING  FelNet Coding       │░░░░
░░░░│   [ ] fel.retro        Retro Computing                               │░░░░
░░░░│                                                                      │░░░░
░░░░│                                                                      │░░░░
░░░░│                                                                      │░░░░
░░░░│                                                                      │░░░░
░░░░│                                                                      │░░░░
░░░░│                                                                      │░░░░
░░░░│                                                                      │░░░░
░░░░└──────────────────────────────────────────────────────────────────────┘░░░░
░░░░░░░░░░░░░░░░░░░░░░░░░░░░░░░░░░░░░░░░░░░░░░░░░░░░░░░░░░░░░░░░░░░░░░░░░░░░░░░░
░░░░░░░░░░░░░░░░░░░░░░░░░░░░░░░░░░░░░░░░░░░░░░░░░░░░░░░░░░░░░░░░░░░░░░░░░░░░░░░░
░░░░░░░░░░░░░░░░░░░░░░░░░░░░░░░░░░░░░░░░░░░░░░░░░░░░░░░░░░░░░░░░░░░░░░░░░░░░░░░░
░░░░ Subscribed to fel.general                                             ░░░░░
░░░░░░░░░░░░░░░░░░░░░░░░░░░░░░░░░░░░░░░░░░░░░░░░░░░░░░░░░░░░░░░░░░░░░░░░░░░░░░░░
                  Space - Subscribe/Unsubscribe  |  ESC - Done                  